// Jest Snapshot v1, https://goo.gl/fbAQLP

exports[`testisn my counter App que se renderice el valor inicial si no asigno ninguno  1`] = `
<Fragment>
  <h1>
    CounterApp
  </h1>
  <p>
     
    10
     
  </p>
  <button
    onClick={[Function]}
  >
    +1
  </button>
  <button
    onClick={[Function]}
  >
    Reset 
  </button>
  <button
    onClick={[Function]}
  >
     -1 
  </button>
</Fragment>
`;
